// Jest Snapshot v1, https://goo.gl/fbAQLP

exports[`graph #edgeMapFactory #removeEdge throws an exception when an edge ref isn't found 1`] = `"Node 'AnonymousModel@/items/one(id: one)' has no 'next' edge for 'AnonymousModel@/items/one(id: one)'"`;
