// Jest Snapshot v1, https://goo.gl/fbAQLP

exports[`edgeMapFactory #removeTest throws an exception when an edge ref isn't found 1`] = `"No edge target 'AnonymousModel@/items/one(id: one)' for tag 'next' on 'AnonymousModel@/items/one(id: one)'"`;
