// Jest Snapshot v1, https://goo.gl/fbAQLP

exports[`Renders a list of properties 1`] = `
<WithStyles(ForwardRef(List))
  className="makeStyles-root-1"
>
  <WithStyles(ForwardRef(ListItem))
    button={true}
    dense={true}
    key="one"
  >
    <WithStyles(ForwardRef(ListItemText))
      id="list-label-one"
      primary="one"
    />
  </WithStyles(ForwardRef(ListItem))>
  <WithStyles(ForwardRef(ListItem))
    button={true}
    dense={true}
    key="two"
  >
    <WithStyles(ForwardRef(ListItemText))
      id="list-label-two"
      primary="two"
    />
  </WithStyles(ForwardRef(ListItem))>
  <WithStyles(ForwardRef(ListItem))
    button={true}
    dense={true}
    key="three"
  >
    <WithStyles(ForwardRef(ListItemText))
      id="list-label-three"
      primary="three"
    />
  </WithStyles(ForwardRef(ListItem))>
</WithStyles(ForwardRef(List))>
`;
