// Jest Snapshot v1, https://goo.gl/fbAQLP

exports[`Renders a basic graph 1`] = `
<Styled(MuiBox)
  className="makeStyles-root-1"
  display="flex"
  flexDirection="row"
  flexWrap="nowrap"
/>
`;
